2026-05-03T19:53:25.3759693Z e: file:///home/runner/work/android-paint/android-paint/app/src/main/java/com/jiafenbu/androidpaint/command/TextCommand.kt:132:17 Val cannot be reassigned
2026-05-03T19:53:25.3833031Z e: file:///home/runner/work/android-paint/android-paint/app/src/main/java/com/jiafenbu/androidpaint/command/TextCommand.kt:132:25 Type mismatch: inferred type is Paint.Style but Int was expected
2026-05-03T19:53:25.3863678Z e: file:///home/runner/work/android-paint/android-paint/app/src/main/java/com/jiafenbu/androidpaint/command/TextCommand.kt:134:17 Unresolved reference: strokeColor
2026-05-03T19:53:25.3936645Z e: file:///home/runner/work/android-paint/android-paint/app/src/main/java/com/jiafenbu/androidpaint/command/TextCommand.kt:314:9 Val cannot be reassigned
2026-05-03T19:53:25.3979134Z e: file:///home/runner/work/android-paint/android-paint/app/src/main/java/com/jiafenbu/androidpaint/command/TextCommand.kt:329:9 Val cannot be reassigned
2026-05-03T19:53:25.4009316Z e: file:///home/runner/work/android-paint/android-paint/app/src/main/java/com/jiafenbu/androidpaint/command/TransformCommand.kt:132:5 Cannot weaken access privilege 'protected' for 'selection' in 'TransformCommand'
2026-05-03T19:53:25.4069503Z e: file:///home/runner/work/android-paint/android-paint/app/src/main/java/com/jiafenbu/androidpaint/command/TransformCommand.kt:132:17 'selection' hides member of supertype 'TransformCommand' and needs 'override' modifier
2026-05-03T19:53:25.4104286Z e: file:///home/runner/work/android-paint/android-paint/app/src/main/java/com/jiafenbu/androidpaint/command/TransformCommand.kt:252:5 Cannot weaken access privilege 'protected' for 'selection' in 'TransformCommand'
2026-05-03T19:53:25.4159459Z e: file:///home/runner/work/android-paint/android-paint/app/src/main/java/com/jiafenbu/androidpaint/command/TransformCommand.kt:252:17 'selection' hides member of supertype 'TransformCommand' and needs 'override' modifier
2026-05-03T19:53:25.4189377Z e: file:///home/runner/work/android-paint/android-paint/app/src/main/java/com/jiafenbu/androidpaint/command/TransformCommand.kt:360:5 Cannot weaken access privilege 'protected' for 'selection' in 'TransformCommand'
2026-05-03T19:53:25.4249620Z e: file:///home/runner/work/android-paint/android-paint/app/src/main/java/com/jiafenbu/androidpaint/command/TransformCommand.kt:360:17 'selection' hides member of supertype 'TransformCommand' and needs 'override' modifier
2026-05-03T19:53:25.4309729Z e: file:///home/runner/work/android-paint/android-paint/app/src/main/java/com/jiafenbu/androidpaint/command/TransformCommand.kt:433:5 Cannot weaken access privilege 'protected' for 'selection' in 'TransformCommand'
2026-05-03T19:53:25.4339339Z e: file:///home/runner/work/android-paint/android-paint/app/src/main/java/com/jiafenbu/androidpaint/command/TransformCommand.kt:433:17 'selection' hides member of supertype 'TransformCommand' and needs 'override' modifier
2026-05-03T19:53:25.4389006Z e: file:///home/runner/work/android-paint/android-paint/app/src/main/java/com/jiafenbu/androidpaint/command/TransformCommand.kt:468:70 Unresolved reference: pow
2026-05-03T19:53:25.4429092Z e: file:///home/runner/work/android-paint/android-paint/app/src/main/java/com/jiafenbu/androidpaint/command/TransformCommand.kt:469:70 Unresolved reference: pow
2026-05-03T19:53:25.4459199Z e: file:///home/runner/work/android-paint/android-paint/app/src/main/java/com/jiafenbu/androidpaint/command/TransformCommand.kt:470:76 Unresolved reference: pow
2026-05-03T19:53:25.4519103Z e: file:///home/runner/work/android-paint/android-paint/app/src/main/java/com/jiafenbu/androidpaint/command/TransformCommand.kt:471:76 Unresolved reference: pow
2026-05-03T19:53:25.4564683Z e: file:///home/runner/work/android-paint/android-paint/app/src/main/java/com/jiafenbu/androidpaint/command/TransformCommand.kt:475:72 Unresolved reference: pow
2026-05-03T19:53:25.4609084Z e: file:///home/runner/work/android-paint/android-paint/app/src/main/java/com/jiafenbu/androidpaint/command/TransformCommand.kt:476:72 Unresolved reference: pow
2026-05-03T19:53:25.4611200Z e: file:///home/runner/work/android-paint/android-paint/app/src/main/java/com/jiafenbu/androidpaint/command/TransformCommand.kt:477:74 Unresolved reference: pow
2026-05-03T19:53:25.4649051Z e: file:///home/runner/work/android-paint/android-paint/app/src/main/java/com/jiafenbu/androidpaint/command/TransformCommand.kt:478:74 Unresolved reference: pow
2026-05-03T19:53:25.4659107Z e: file:///home/runner/work/android-paint/android-paint/app/src/main/java/com/jiafenbu/androidpaint/command/WatermarkCommand.kt:148:37 Function invocation 'width()' expected
2026-05-03T19:53:25.4689206Z e: file:///home/runner/work/android-paint/android-paint/app/src/main/java/com/jiafenbu/androidpaint/command/WatermarkCommand.kt:151:37 Function invocation 'width()' expected
2026-05-03T19:53:25.4719177Z e: file:///home/runner/work/android-paint/android-paint/app/src/main/java/com/jiafenbu/androidpaint/command/WatermarkCommand.kt:152:37 Function invocation 'height()' expected
2026-05-03T19:53:25.4749201Z e: file:///home/runner/work/android-paint/android-paint/app/src/main/java/com/jiafenbu/androidpaint/command/WatermarkCommand.kt:156:49 Function invocation 'height()' expected
2026-05-03T19:53:25.4751458Z e: file:///home/runner/work/android-paint/android-paint/app/src/main/java/com/jiafenbu/androidpaint/command/WatermarkCommand.kt:158:52 Function invocation 'width()' expected
2026-05-03T19:53:25.4779193Z e: file:///home/runner/work/android-paint/android-paint/app/src/main/java/com/jiafenbu/androidpaint/command/WatermarkCommand.kt:187:38 Function invocation 'width()' expected
2026-05-03T19:53:25.4809238Z e: file:///home/runner/work/android-paint/android-paint/app/src/main/java/com/jiafenbu/androidpaint/command/WatermarkCommand.kt:188:38 Function invocation 'height()' expected
2026-05-03T19:53:25.4839190Z e: file:///home/runner/work/android-paint/android-paint/app/src/main/java/com/jiafenbu/androidpaint/command/WatermarkCommand.kt:190:37 Function invocation 'width()' expected
2026-05-03T19:53:25.4869217Z e: file:///home/runner/work/android-paint/android-paint/app/src/main/java/com/jiafenbu/androidpaint/command/WatermarkCommand.kt:191:37 Function invocation 'height()' expected
2026-05-03T19:53:25.4871508Z e: file:///home/runner/work/android-paint/android-paint/app/src/main/java/com/jiafenbu/androidpaint/command/WatermarkCommand.kt:194:49 Function invocation 'height()' expected
2026-05-03T19:53:25.4899154Z e: file:///home/runner/work/android-paint/android-paint/app/src/main/java/com/jiafenbu/androidpaint/command/WatermarkCommand.kt:196:52 Function invocation 'width()' expected
2026-05-03T19:53:25.4929447Z e: file:///home/runner/work/android-paint/android-paint/app/src/main/java/com/jiafenbu/androidpaint/engine/Canvas2DEngine.kt:215:16 'when' expression must be exhaustive, add necessary 'SRC_OVER' branch or 'else' branch instead
2026-05-03T19:53:25.4959093Z e: file:///home/runner/work/android-paint/android-paint/app/src/main/java/com/jiafenbu/androidpaint/engine/Canvas2DEngine.kt:222:65 Unresolved reference: ADD
2026-05-03T19:53:25.4968119Z e: file:///home/runner/work/android-paint/android-paint/app/src/main/java/com/jiafenbu/androidpaint/engine/Canvas2DEngine.kt:227:23 Unresolved reference: EXCLUSION
2026-05-03T19:53:25.4989212Z e: file:///home/runner/work/android-paint/android-paint/app/src/main/java/com/jiafenbu/androidpaint/engine/Canvas2DEngine.kt:232:23 Unresolved reference: SRC_IN
2026-05-03T19:53:25.5019108Z e: file:///home/runner/work/android-paint/android-paint/app/src/main/java/com/jiafenbu/androidpaint/engine/Canvas2DEngine.kt:233:23 Unresolved reference: SRC_OUT
2026-05-03T19:53:25.5049000Z e: file:///home/runner/work/android-paint/android-paint/app/src/main/java/com/jiafenbu/androidpaint/engine/Canvas2DEngine.kt:234:23 Unresolved reference: SRC_ATOP
2026-05-03T19:53:25.5079207Z e: file:///home/runner/work/android-paint/android-paint/app/src/main/java/com/jiafenbu/androidpaint/engine/Canvas2DEngine.kt:235:23 Unresolved reference: DST_OVER
2026-05-03T19:53:25.5081346Z e: file:///home/runner/work/android-paint/android-paint/app/src/main/java/com/jiafenbu/androidpaint/engine/Canvas2DEngine.kt:236:23 Unresolved reference: DST_IN
2026-05-03T19:53:25.5108966Z e: file:///home/runner/work/android-paint/android-paint/app/src/main/java/com/jiafenbu/androidpaint/engine/Canvas2DEngine.kt:237:23 Unresolved reference: DST_OUT
2026-05-03T19:53:25.5139127Z e: file:///home/runner/work/android-paint/android-paint/app/src/main/java/com/jiafenbu/androidpaint/engine/Canvas2DEngine.kt:238:23 Unresolved reference: DST_ATOP
2026-05-03T19:53:25.5169034Z e: file:///home/runner/work/android-paint/android-paint/app/src/main/java/com/jiafenbu/androidpaint/engine/Canvas2DEngine.kt:239:23 Unresolved reference: XOR
2026-05-03T19:53:25.5189007Z e: file:///home/runner/work/android-paint/android-paint/app/src/main/java/com/jiafenbu/androidpaint/engine/Canvas2DEngine.kt:240:23 Unresolved reference: PLUS
2026-05-03T19:53:25.5199149Z e: file:///home/runner/work/android-paint/android-paint/app/src/main/java/com/jiafenbu/androidpaint/engine/Canvas2DEngine.kt:255:23 Unresolved reference: SRC_IN
2026-05-03T19:53:25.5228976Z e: file:///home/runner/work/android-paint/android-paint/app/src/main/java/com/jiafenbu/androidpaint/engine/Canvas2DEngine.kt:256:23 Unresolved reference: SRC_OUT
2026-05-03T19:53:25.5259110Z e: file:///home/runner/work/android-paint/android-paint/app/src/main/java/com/jiafenbu/androidpaint/engine/Canvas2DEngine.kt:257:23 Unresolved reference: SRC_ATOP
2026-05-03T19:53:25.5268889Z e: file:///home/runner/work/android-paint/android-paint/app/src/main/java/com/jiafenbu/androidpaint/engine/Canvas2DEngine.kt:258:23 Unresolved reference: DST_OVER
2026-05-03T19:53:25.5289205Z e: file:///home/runner/work/android-paint/android-paint/app/src/main/java/com/jiafenbu/androidpaint/engine/Canvas2DEngine.kt:259:23 Unresolved reference: DST_IN
2026-05-03T19:53:25.5358990Z e: file:///home/runner/work/android-paint/android-paint/app/src/main/java/com/jiafenbu/androidpaint/engine/Canvas2DEngine.kt:260:23 Unresolved reference: DST_OUT
2026-05-03T19:53:25.5428914Z e: file:///home/runner/work/android-paint/android-paint/app/src/main/java/com/jiafenbu/androidpaint/engine/Canvas2DEngine.kt:261:23 Unresolved reference: DST_ATOP
2026-05-03T19:53:25.5458908Z e: file:///home/runner/work/android-paint/android-paint/app/src/main/java/com/jiafenbu/androidpaint/engine/Canvas2DEngine.kt:262:23 Unresolved reference: XOR
2026-05-03T19:53:25.5460659Z e: file:///home/runner/work/android-paint/android-paint/app/src/main/java/com/jiafenbu/androidpaint/engine/Canvas2DEngine.kt:263:23 Unresolved reference: PLUS
2026-05-03T19:53:25.5462456Z e: file:///home/runner/work/android-paint/android-paint/app/src/main/java/com/jiafenbu/androidpaint/export/ExportManager.kt:82:41 Unresolved reference: EXTRA_MIME_TYPE
2026-05-03T19:53:25.5464271Z e: file:///home/runner/work/android-paint/android-paint/app/src/main/java/com/jiafenbu/androidpaint/model/BlendMode.kt:242:13 Unresolved reference: HUE
2026-05-03T19:53:25.5466466Z e: file:///home/runner/work/android-paint/android-paint/app/src/main/java/com/jiafenbu/androidpaint/model/BlendMode.kt:243:13 Unresolved reference: SATURATION
2026-05-03T19:53:25.5499263Z e: file:///home/runner/work/android-paint/android-paint/app/src/main/java/com/jiafenbu/androidpaint/model/BlendMode.kt:244:13 Unresolved reference: COLOR
2026-05-03T19:53:25.5528974Z e: file:///home/runner/work/android-paint/android-paint/app/src/main/java/com/jiafenbu/androidpaint/model/BlendMode.kt:245:13 Unresolved reference: LUMINOSITY
2026-05-03T19:53:25.5589120Z e: file:///home/runner/work/android-paint/android-paint/app/src/main/java/com/jiafenbu/androidpaint/model/BlendMode.kt:255:9 Unresolved reference: Color
2026-05-03T19:53:25.5590934Z e: file:///home/runner/work/android-paint/android-paint/app/src/main/java/com/jiafenbu/androidpaint/model/BlendMode.kt:268:9 Unresolved reference: Color
2026-05-03T19:53:25.5592769Z e: file:///home/runner/work/android-paint/android-paint/app/src/main/java/com/jiafenbu/androidpaint/model/BlendMode.kt:279:9 Unresolved reference: Color
2026-05-03T19:53:25.5594457Z e: file:///home/runner/work/android-paint/android-paint/app/src/main/java/com/jiafenbu/androidpaint/model/BlendMode.kt:294:9 Unresolved reference: Color
2026-05-03T19:53:25.5596294Z e: file:///home/runner/work/android-paint/android-paint/app/src/main/java/com/jiafenbu/androidpaint/model/LayerModel.kt:29:5 Data class primary constructor must only have property (val / var) parameters
2026-05-03T19:53:25.5598632Z e: file:///home/runner/work/android-paint/android-paint/app/src/main/java/com/jiafenbu/androidpaint/model/OraFileFormat.kt:85:17 Unresolved reference: compressionMethod
2026-05-03T19:53:25.5629012Z e: file:///home/runner/work/android-paint/android-paint/app/src/main/java/com/jiafenbu/androidpaint/model/OraFileFormat.kt:261:13 Unresolved reference: encoding
2026-05-03T19:53:25.5631083Z e: file:///home/runner/work/android-paint/android-paint/app/src/main/java/com/jiafenbu/androidpaint/model/Palette.kt:86:30 The integer literal does not conform to the expected type Int
2026-05-03T19:53:25.5633523Z e: file:///home/runner/work/android-paint/android-paint/app/src/main/java/com/jiafenbu/androidpaint/model/Palette.kt:87:30 The integer literal does not conform to the expected type Int
2026-05-03T19:53:25.5635484Z e: file:///home/runner/work/android-paint/android-paint/app/src/main/java/com/jiafenbu/androidpaint/model/Palette.kt:88:30 The integer literal does not conform to the expected type Int
2026-05-03T19:53:25.5637414Z e: file:///home/runner/work/android-paint/android-paint/app/src/main/java/com/jiafenbu/androidpaint/model/Palette.kt:89:30 The integer literal does not conform to the expected type Int
2026-05-03T19:53:25.5639431Z e: file:///home/runner/work/android-paint/android-paint/app/src/main/java/com/jiafenbu/androidpaint/model/Palette.kt:90:30 The integer literal does not conform to the expected type Int
2026-05-03T19:53:25.5641185Z e: file:///home/runner/work/android-paint/android-paint/app/src/main/java/com/jiafenbu/androidpaint/model/Palette.kt:91:30 The integer literal does not conform to the expected type Int
2026-05-03T19:53:25.5643031Z e: file:///home/runner/work/android-paint/android-paint/app/src/main/java/com/jiafenbu/androidpaint/model/Palette.kt:92:30 The integer literal does not conform to the expected type Int
2026-05-03T19:53:25.5644859Z e: file:///home/runner/work/android-paint/android-paint/app/src/main/java/com/jiafenbu/androidpaint/model/Palette.kt:93:30 The integer literal does not conform to the expected type Int
2026-05-03T19:53:25.5646722Z e: file:///home/runner/work/android-paint/android-paint/app/src/main/java/com/jiafenbu/androidpaint/model/Palette.kt:94:30 The integer literal does not conform to the expected type Int
2026-05-03T19:53:25.5648937Z e: file:///home/runner/work/android-paint/android-paint/app/src/main/java/com/jiafenbu/androidpaint/model/Palette.kt:95:30 The integer literal does not conform to the expected type Int
2026-05-03T19:53:25.5679248Z e: file:///home/runner/work/android-paint/android-paint/app/src/main/java/com/jiafenbu/androidpaint/model/Palette.kt:96:30 The integer literal does not conform to the expected type Int
2026-05-03T19:53:25.5681209Z e: file:///home/runner/work/android-paint/android-paint/app/src/main/java/com/jiafenbu/androidpaint/model/Palette.kt:97:30 The integer literal does not conform to the expected type Int
2026-05-03T19:53:25.5683224Z e: file:///home/runner/work/android-paint/android-paint/app/src/main/java/com/jiafenbu/androidpaint/model/Palette.kt:111:30 The integer literal does not conform to the expected type Int
2026-05-03T19:53:25.5685211Z e: file:///home/runner/work/android-paint/android-paint/app/src/main/java/com/jiafenbu/androidpaint/model/Palette.kt:112:30 The integer literal does not conform to the expected type Int
2026-05-03T19:53:25.5687232Z e: file:///home/runner/work/android-paint/android-paint/app/src/main/java/com/jiafenbu/androidpaint/model/Palette.kt:113:30 The integer literal does not conform to the expected type Int
2026-05-03T19:53:25.5689488Z e: file:///home/runner/work/android-paint/android-paint/app/src/main/java/com/jiafenbu/androidpaint/model/Palette.kt:114:30 The integer literal does not conform to the expected type Int
2026-05-03T19:53:25.5691424Z e: file:///home/runner/work/android-paint/android-paint/app/src/main/java/com/jiafenbu/androidpaint/model/Palette.kt:115:30 The integer literal does not conform to the expected type Int
2026-05-03T19:53:25.5693374Z e: file:///home/runner/work/android-paint/android-paint/app/src/main/java/com/jiafenbu/androidpaint/model/Palette.kt:116:30 The integer literal does not conform to the expected type Int
2026-05-03T19:53:25.5695706Z e: file:///home/runner/work/android-paint/android-paint/app/src/main/java/com/jiafenbu/androidpaint/model/Palette.kt:117:30 The integer literal does not conform to the expected type Int
2026-05-03T19:53:25.5697684Z e: file:///home/runner/work/android-paint/android-paint/app/src/main/java/com/jiafenbu/androidpaint/model/Palette.kt:118:30 The integer literal does not conform to the expected type Int
2026-05-03T19:53:25.5699948Z e: file:///home/runner/work/android-paint/android-paint/app/src/main/java/com/jiafenbu/androidpaint/model/Palette.kt:119:30 The integer literal does not conform to the expected type Int
2026-05-03T19:53:25.5701841Z e: file:///home/runner/work/android-paint/android-paint/app/src/main/java/com/jiafenbu/androidpaint/model/Palette.kt:120:30 The integer literal does not conform to the expected type Int
2026-05-03T19:53:25.5703759Z e: file:///home/runner/work/android-paint/android-paint/app/src/main/java/com/jiafenbu/androidpaint/model/Palette.kt:121:30 The integer literal does not conform to the expected type Int
2026-05-03T19:53:25.5705690Z e: file:///home/runner/work/android-paint/android-paint/app/src/main/java/com/jiafenbu/androidpaint/model/Palette.kt:122:30 The integer literal does not conform to the expected type Int
2026-05-03T19:53:25.5707571Z e: file:///home/runner/work/android-paint/android-paint/app/src/main/java/com/jiafenbu/androidpaint/model/Palette.kt:136:30 The integer literal does not conform to the expected type Int
2026-05-03T19:53:25.5746733Z e: file:///home/runner/work/android-paint/android-paint/app/src/main/java/com/jiafenbu/androidpaint/model/Palette.kt:137:30 The integer literal does not conform to the expected type Int
2026-05-03T19:53:25.5748860Z e: file:///home/runner/work/android-paint/android-paint/app/src/main/java/com/jiafenbu/androidpaint/model/Palette.kt:138:30 The integer literal does not conform to the expected type Int
2026-05-03T19:53:25.5750649Z e: file:///home/runner/work/android-paint/android-paint/app/src/main/java/com/jiafenbu/androidpaint/model/Palette.kt:139:30 The integer literal does not conform to the expected type Int
2026-05-03T19:53:25.5752613Z e: file:///home/runner/work/android-paint/android-paint/app/src/main/java/com/jiafenbu/androidpaint/model/Palette.kt:140:30 The integer literal does not conform to the expected type Int
2026-05-03T19:53:25.5754602Z e: file:///home/runner/work/android-paint/android-paint/app/src/main/java/com/jiafenbu/androidpaint/model/Palette.kt:141:30 The integer literal does not conform to the expected type Int
2026-05-03T19:53:25.5756621Z e: file:///home/runner/work/android-paint/android-paint/app/src/main/java/com/jiafenbu/androidpaint/model/Palette.kt:142:30 The integer literal does not conform to the expected type Int
2026-05-03T19:53:25.5758849Z e: file:///home/runner/work/android-paint/android-paint/app/src/main/java/com/jiafenbu/androidpaint/model/Palette.kt:143:30 The integer literal does not conform to the expected type Int
2026-05-03T19:53:25.5760828Z e: file:///home/runner/work/android-paint/android-paint/app/src/main/java/com/jiafenbu/androidpaint/model/Palette.kt:144:30 The integer literal does not conform to the expected type Int
2026-05-03T19:53:25.5762801Z e: file:///home/runner/work/android-paint/android-paint/app/src/main/java/com/jiafenbu/androidpaint/model/Palette.kt:145:30 The integer literal does not conform to the expected type Int
2026-05-03T19:53:25.5764791Z e: file:///home/runner/work/android-paint/android-paint/app/src/main/java/com/jiafenbu/androidpaint/model/Palette.kt:146:30 The integer literal does not conform to the expected type Int
2026-05-03T19:53:25.5766787Z e: file:///home/runner/work/android-paint/android-paint/app/src/main/java/com/jiafenbu/androidpaint/model/Palette.kt:147:30 The integer literal does not conform to the expected type Int
2026-05-03T19:53:25.5779177Z e: file:///home/runner/work/android-paint/android-paint/app/src/main/java/com/jiafenbu/androidpaint/model/Palette.kt:161:30 The integer literal does not conform to the expected type Int
2026-05-03T19:53:25.5781632Z e: file:///home/runner/work/android-paint/android-paint/app/src/main/java/com/jiafenbu/androidpaint/model/Palette.kt:162:30 The integer literal does not conform to the expected type Int
2026-05-03T19:53:25.5783558Z e: file:///home/runner/work/android-paint/android-paint/app/src/main/java/com/jiafenbu/androidpaint/model/Palette.kt:163:30 The integer literal does not conform to the expected type Int
2026-05-03T19:53:25.5785749Z e: file:///home/runner/work/android-paint/android-paint/app/src/main/java/com/jiafenbu/androidpaint/model/Palette.kt:164:30 The integer literal does not conform to the expected type Int
2026-05-03T19:53:25.5787683Z e: file:///home/runner/work/android-paint/android-paint/app/src/main/java/com/jiafenbu/androidpaint/model/Palette.kt:165:30 The integer literal does not conform to the expected type Int
2026-05-03T19:53:25.5789922Z e: file:///home/runner/work/android-paint/android-paint/app/src/main/java/com/jiafenbu/androidpaint/model/Palette.kt:166:30 The integer literal does not conform to the expected type Int
2026-05-03T19:53:25.5791938Z e: file:///home/runner/work/android-paint/android-paint/app/src/main/java/com/jiafenbu/androidpaint/model/Palette.kt:167:30 The integer literal does not conform to the expected type Int
2026-05-03T19:53:25.5793879Z e: file:///home/runner/work/android-paint/android-paint/app/src/main/java/com/jiafenbu/androidpaint/model/Palette.kt:168:30 The integer literal does not conform to the expected type Int
2026-05-03T19:53:25.5795843Z e: file:///home/runner/work/android-paint/android-paint/app/src/main/java/com/jiafenbu/androidpaint/model/Palette.kt:169:30 The integer literal does not conform to the expected type Int
2026-05-03T19:53:25.5798029Z e: file:///home/runner/work/android-paint/android-paint/app/src/main/java/com/jiafenbu/androidpaint/model/Palette.kt:170:30 The integer literal does not conform to the expected type Int
2026-05-03T19:53:25.5799897Z e: file:///home/runner/work/android-paint/android-paint/app/src/main/java/com/jiafenbu/androidpaint/model/Palette.kt:171:30 The integer literal does not conform to the expected type Int
2026-05-03T19:53:25.5801836Z e: file:///home/runner/work/android-paint/android-paint/app/src/main/java/com/jiafenbu/androidpaint/model/Palette.kt:172:30 The integer literal does not conform to the expected type Int
2026-05-03T19:53:25.5803770Z e: file:///home/runner/work/android-paint/android-paint/app/src/main/java/com/jiafenbu/androidpaint/model/Palette.kt:186:30 The integer literal does not conform to the expected type Int
2026-05-03T19:53:25.5805705Z e: file:///home/runner/work/android-paint/android-paint/app/src/main/java/com/jiafenbu/androidpaint/model/Palette.kt:187:30 The integer literal does not conform to the expected type Int
2026-05-03T19:53:25.5807635Z e: file:///home/runner/work/android-paint/android-paint/app/src/main/java/com/jiafenbu/androidpaint/model/Palette.kt:188:30 The integer literal does not conform to the expected type Int
2026-05-03T19:53:25.5840058Z e: file:///home/runner/work/android-paint/android-paint/app/src/main/java/com/jiafenbu/androidpaint/model/Palette.kt:189:30 The integer literal does not conform to the expected type Int
2026-05-03T19:53:25.5842068Z e: file:///home/runner/work/android-paint/android-paint/app/src/main/java/com/jiafenbu/androidpaint/model/Palette.kt:190:30 The integer literal does not conform to the expected type Int
2026-05-03T19:53:25.5843964Z e: file:///home/runner/work/android-paint/android-paint/app/src/main/java/com/jiafenbu/androidpaint/model/Palette.kt:191:30 The integer literal does not conform to the expected type Int
2026-05-03T19:53:25.5846100Z e: file:///home/runner/work/android-paint/android-paint/app/src/main/java/com/jiafenbu/androidpaint/model/Palette.kt:192:30 The integer literal does not conform to the expected type Int
2026-05-03T19:53:25.5848201Z e: file:///home/runner/work/android-paint/android-paint/app/src/main/java/com/jiafenbu/androidpaint/model/Palette.kt:193:30 The integer literal does not conform to the expected type Int
2026-05-03T19:53:25.5850540Z e: file:///home/runner/work/android-paint/android-paint/app/src/main/java/com/jiafenbu/androidpaint/model/Palette.kt:194:30 The integer literal does not conform to the expected type Int
2026-05-03T19:53:25.5852441Z e: file:///home/runner/work/android-paint/android-paint/app/src/main/java/com/jiafenbu/androidpaint/model/Palette.kt:195:30 The integer literal does not conform to the expected type Int
2026-05-03T19:53:25.5854582Z e: file:///home/runner/work/android-paint/android-paint/app/src/main/java/com/jiafenbu/androidpaint/model/Palette.kt:196:30 The integer literal does not conform to the expected type Int
2026-05-03T19:53:25.5856293Z e: file:///home/runner/work/android-paint/android-paint/app/src/main/java/com/jiafenbu/androidpaint/model/Palette.kt:197:30 The integer literal does not conform to the expected type Int
2026-05-03T19:53:25.5858168Z e: file:///home/runner/work/android-paint/android-paint/app/src/main/java/com/jiafenbu/androidpaint/model/Palette.kt:211:30 The integer literal does not conform to the expected type Int
2026-05-03T19:53:25.5859893Z e: file:///home/runner/work/android-paint/android-paint/app/src/main/java/com/jiafenbu/androidpaint/model/Palette.kt:212:30 The integer literal does not conform to the expected type Int
2026-05-03T19:53:25.5861753Z e: file:///home/runner/work/android-paint/android-paint/app/src/main/java/com/jiafenbu/androidpaint/model/Palette.kt:213:30 The integer literal does not conform to the expected type Int
2026-05-03T19:53:25.5863683Z e: file:///home/runner/work/android-paint/android-paint/app/src/main/java/com/jiafenbu/androidpaint/model/Palette.kt:214:30 The integer literal does not conform to the expected type Int
2026-05-03T19:53:25.5865591Z e: file:///home/runner/work/android-paint/android-paint/app/src/main/java/com/jiafenbu/androidpaint/model/Palette.kt:215:30 The integer literal does not conform to the expected type Int
2026-05-03T19:53:25.5867557Z e: file:///home/runner/work/android-paint/android-paint/app/src/main/java/com/jiafenbu/androidpaint/model/Palette.kt:216:30 The integer literal does not conform to the expected type Int
2026-05-03T19:53:25.5904231Z e: file:///home/runner/work/android-paint/android-paint/app/src/main/java/com/jiafenbu/androidpaint/model/Palette.kt:217:30 The integer literal does not conform to the expected type Int
2026-05-03T19:53:25.5906159Z e: file:///home/runner/work/android-paint/android-paint/app/src/main/java/com/jiafenbu/androidpaint/model/Palette.kt:218:30 The integer literal does not conform to the expected type Int
2026-05-03T19:53:25.5908185Z e: file:///home/runner/work/android-paint/android-paint/app/src/main/java/com/jiafenbu/androidpaint/model/Palette.kt:219:30 The integer literal does not conform to the expected type Int
2026-05-03T19:53:25.5910019Z e: file:///home/runner/work/android-paint/android-paint/app/src/main/java/com/jiafenbu/androidpaint/model/Palette.kt:220:30 The integer literal does not conform to the expected type Int
2026-05-03T19:53:25.5911837Z e: file:///home/runner/work/android-paint/android-paint/app/src/main/java/com/jiafenbu/androidpaint/model/Palette.kt:221:30 The integer literal does not conform to the expected type Int
2026-05-03T19:53:25.5913511Z e: file:///home/runner/work/android-paint/android-paint/app/src/main/java/com/jiafenbu/androidpaint/model/Palette.kt:222:30 The integer literal does not conform to the expected type Int
2026-05-03T19:53:25.5915619Z e: file:///home/runner/work/android-paint/android-paint/app/src/main/java/com/jiafenbu/androidpaint/model/Selection.kt:161:21 Unresolved reference. None of the following candidates is applicable because of receiver type mismatch: 
2026-05-03T19:53:25.6042736Z e: file:///home/runner/work/android-paint/android-paint/app/src/main/java/com/jiafenbu/androidpaint/palette/PaletteManager.kt:252:16 Type mismatch: inferred type is Unit but ByteArray was expected
2026-05-03T19:53:25.6044732Z e: file:///home/runner/work/android-paint/android-paint/app/src/main/java/com/jiafenbu/androidpaint/palette/PaletteManager.kt:252:43 No value passed for parameter 'outputStream'
2026-05-03T19:53:25.6046687Z e: file:///home/runner/work/android-paint/android-paint/app/src/main/java/com/jiafenbu/androidpaint/sync/SyncManager.kt:142:47 Cannot access 'projectsDir': it is private in 'ProjectManager'
2026-05-03T19:53:25.6078945Z e: file:///home/runner/work/android-paint/android-paint/app/src/main/java/com/jiafenbu/androidpaint/sync/SyncManager.kt:180:17 'return' is not allowed here
2026-05-03T19:53:25.6080766Z e: file:///home/runner/work/android-paint/android-paint/app/src/main/java/com/jiafenbu/androidpaint/sync/SyncManager.kt:259:47 Cannot access 'projectsDir': it is private in 'ProjectManager'
2026-05-03T19:53:25.6082797Z e: file:///home/runner/work/android-paint/android-paint/app/src/main/java/com/jiafenbu/androidpaint/ui/MainScreen.kt:648:64 Unresolved reference: sp
2026-05-03T19:53:25.6084288Z e: file:///home/runner/work/android-paint/android-paint/app/src/main/java/com/jiafenbu/androidpaint/ui/MainScreen.kt:651:65 Unresolved reference: sp
2026-05-03T19:53:25.6086087Z e: file:///home/runner/work/android-paint/android-paint/app/src/main/java/com/jiafenbu/androidpaint/ui/MainScreen.kt:654:64 Unresolved reference: sp
2026-05-03T19:53:25.6087648Z e: file:///home/runner/work/android-paint/android-paint/app/src/main/java/com/jiafenbu/androidpaint/ui/MainScreen.kt:657:64 Unresolved reference: sp
2026-05-03T19:53:25.6089509Z e: file:///home/runner/work/android-paint/android-paint/app/src/main/java/com/jiafenbu/androidpaint/ui/MainScreen.kt:660:64 Unresolved reference: sp
2026-05-03T19:53:25.6091084Z e: file:///home/runner/work/android-paint/android-paint/app/src/main/java/com/jiafenbu/androidpaint/ui/MainScreen.kt:663:63 Unresolved reference: sp
2026-05-03T19:53:25.6093064Z e: file:///home/runner/work/android-paint/android-paint/app/src/main/java/com/jiafenbu/androidpaint/ui/auth/LoginViewModel.kt:135:40 Type mismatch: inferred type is (Any?) -> Unit but () -> Unit was expected
2026-05-03T19:53:25.6095262Z e: file:///home/runner/work/android-paint/android-paint/app/src/main/java/com/jiafenbu/androidpaint/ui/auth/LoginViewModel.kt:135:42 Cannot infer a type for this parameter. Please specify it explicitly.
2026-05-03T19:53:25.6097233Z e: file:///home/runner/work/android-paint/android-paint/app/src/main/java/com/jiafenbu/androidpaint/ui/auth/LoginViewModel.kt:135:42 Expected no parameters 
2026-05-03T19:53:25.6099108Z e: file:///home/runner/work/android-paint/android-paint/app/src/main/java/com/jiafenbu/androidpaint/ui/brush/BrushLibrary.kt:258:17 Val cannot be reassigned
2026-05-03T19:53:25.6101436Z e: file:///home/runner/work/android-paint/android-paint/app/src/main/java/com/jiafenbu/androidpaint/ui/canvas/CanvasViewModel.kt:1197:29 Smart cast to 'TextLayerModel' is impossible, because 'layer.textLayerModel' is a mutable property that could have been changed by this time
2026-05-03T19:53:25.6103816Z e: file:///home/runner/work/android-paint/android-paint/app/src/main/java/com/jiafenbu/androidpaint/ui/canvas/CanvasViewModel.kt:1820:13 Val cannot be reassigned
2026-05-03T19:53:25.6105601Z e: file:///home/runner/work/android-paint/android-paint/app/src/main/java/com/jiafenbu/androidpaint/ui/canvas/CanvasViewModel.kt:1836:21 Val cannot be reassigned
2026-05-03T19:53:25.6138147Z e: file:///home/runner/work/android-paint/android-paint/app/src/main/java/com/jiafenbu/androidpaint/ui/canvas/DrawingCanvas.kt:160:40 Unresolved reference. None of the following candidates is applicable because of receiver type mismatch: 
2026-05-03T19:53:25.6141981Z e: file:///home/runner/work/android-paint/android-paint/app/src/main/java/com/jiafenbu/androidpaint/ui/canvas/DrawingCanvas.kt:161:50 Unresolved reference. None of the following candidates is applicable because of receiver type mismatch: 
2026-05-03T19:53:25.6145635Z e: file:///home/runner/work/android-paint/android-paint/app/src/main/java/com/jiafenbu/androidpaint/ui/canvas/DrawingCanvas.kt:162:39 Unresolved reference. None of the following candidates is applicable because of receiver type mismatch: 
2026-05-03T19:53:25.6149326Z e: file:///home/runner/work/android-paint/android-paint/app/src/main/java/com/jiafenbu/androidpaint/ui/canvas/DrawingCanvas.kt:165:48 Unresolved reference. None of the following candidates is applicable because of receiver type mismatch: 
2026-05-03T19:53:25.6153305Z e: file:///home/runner/work/android-paint/android-paint/app/src/main/java/com/jiafenbu/androidpaint/ui/canvas/DrawingCanvas.kt:219:44 Unresolved reference: positionChanged
2026-05-03T19:53:25.6155654Z e: file:///home/runner/work/android-paint/android-paint/app/src/main/java/com/jiafenbu/androidpaint/ui/canvas/DrawingCanvas.kt:315:17 @Composable invocations can only happen from the context of a @Composable function
2026-05-03T19:53:25.6158159Z e: file:///home/runner/work/android-paint/android-paint/app/src/main/java/com/jiafenbu/androidpaint/ui/canvas/DrawingCanvas.kt:328:17 @Composable invocations can only happen from the context of a @Composable function
2026-05-03T19:53:25.6160205Z e: file:///home/runner/work/android-paint/android-paint/app/src/main/java/com/jiafenbu/androidpaint/ui/canvas/GridOverlay.kt:81:13 Unresolved reference: DrawScope
2026-05-03T19:53:25.6162012Z e: file:///home/runner/work/android-paint/android-paint/app/src/main/java/com/jiafenbu/androidpaint/ui/canvas/GridOverlay.kt:132:13 Unresolved reference: DrawScope
2026-05-03T19:53:25.6163911Z e: file:///home/runner/work/android-paint/android-paint/app/src/main/java/com/jiafenbu/androidpaint/ui/canvas/SymmetryOverlay.kt:44:9 Cannot find a parameter with this name: floats
2026-05-03T19:53:25.6165821Z e: file:///home/runner/work/android-paint/android-paint/app/src/main/java/com/jiafenbu/androidpaint/ui/canvas/SymmetryOverlay.kt:45:9 No value passed for parameter 'intervals'
2026-05-03T19:53:25.6198374Z e: file:///home/runner/work/android-paint/android-paint/app/src/main/java/com/jiafenbu/androidpaint/ui/colorpicker/ColorPicker.kt:404:9 None of the following functions can be called with the arguments supplied: 
2026-05-03T19:53:25.6203179Z e: file:///home/runner/work/android-paint/android-paint/app/src/main/java/com/jiafenbu/androidpaint/ui/colorpicker/ColorPicker.kt:406:26 Unresolved reference: ringWidth
2026-05-03T19:53:25.6205172Z e: file:///home/runner/work/android-paint/android-paint/app/src/main/java/com/jiafenbu/androidpaint/ui/colorpicker/ColorPicker.kt:407:36 None of the following functions can be called with the arguments supplied: 
2026-05-03T19:53:25.6212233Z e: file:///home/runner/work/android-paint/android-paint/app/src/main/java/com/jiafenbu/androidpaint/ui/colorpicker/ColorPicker.kt:410:21 Unresolved reference. None of the following candidates is applicable because of receiver type mismatch: 
2026-05-03T19:53:25.6218050Z e: file:///home/runner/work/android-paint/android-paint/app/src/main/java/com/jiafenbu/androidpaint/ui/colorpicker/ColorPicker.kt:422:21 Unresolved reference. None of the following candidates is applicable because of receiver type mismatch: 
2026-05-03T19:53:25.6223921Z e: file:///home/runner/work/android-paint/android-paint/app/src/main/java/com/jiafenbu/androidpaint/ui/gallery/GalleryScreen.kt:87:46 Unresolved reference. None of the following candidates is applicable because of receiver type mismatch: 
2026-05-03T19:53:25.6258758Z e: file:///home/runner/work/android-paint/android-paint/app/src/main/java/com/jiafenbu/androidpaint/ui/gallery/GalleryScreen.kt:88:42 Unresolved reference. None of the following candidates is applicable because of receiver type mismatch: 
2026-05-03T19:53:25.6263172Z e: file:///home/runner/work/android-paint/android-paint/app/src/main/java/com/jiafenbu/androidpaint/ui/gallery/GalleryScreen.kt:89:38 Unresolved reference. None of the following candidates is applicable because of receiver type mismatch: 
2026-05-03T19:53:25.6267434Z e: file:///home/runner/work/android-paint/android-paint/app/src/main/java/com/jiafenbu/androidpaint/ui/gallery/GalleryScreen.kt:90:58 Unresolved reference. None of the following candidates is applicable because of receiver type mismatch: 
2026-05-03T19:53:25.6271853Z e: file:///home/runner/work/android-paint/android-paint/app/src/main/java/com/jiafenbu/androidpaint/ui/gallery/GalleryScreen.kt:91:60 Unresolved reference. None of the following candidates is applicable because of receiver type mismatch: 
2026-05-03T19:53:25.6276104Z e: file:///home/runner/work/android-paint/android-paint/app/src/main/java/com/jiafenbu/androidpaint/ui/gallery/GalleryScreen.kt:93:54 Unresolved reference. None of the following candidates is applicable because of receiver type mismatch: 
2026-05-03T19:53:25.6280337Z e: file:///home/runner/work/android-paint/android-paint/app/src/main/java/com/jiafenbu/androidpaint/ui/gallery/GalleryScreen.kt:303:28 Cannot infer a type for this parameter. Please specify it explicitly.
2026-05-03T19:53:25.6282672Z e: file:///home/runner/work/android-paint/android-paint/app/src/main/java/com/jiafenbu/androidpaint/ui/gallery/GalleryScreen.kt:304:9 @Composable invocations can only happen from the context of a @Composable function
2026-05-03T19:53:25.6285268Z e: file:///home/runner/work/android-paint/android-paint/app/src/main/java/com/jiafenbu/androidpaint/ui/gallery/ProjectDetailDialog.kt:112:17 Type 'TypeVariable(T)' has no method 'getValue(Nothing?, KProperty<*>)' and thus it cannot serve as a delegate
2026-05-03T19:53:25.6287641Z e: file:///home/runner/work/android-paint/android-paint/app/src/main/java/com/jiafenbu/androidpaint/ui/gallery/ProjectDetailDialog.kt:126:44 Overload resolution ambiguity: 
2026-05-03T19:53:25.6335708Z e: file:///home/runner/work/android-paint/android-paint/app/src/main/java/com/jiafenbu/androidpaint/ui/gallery/ProjectDetailDialog.kt:128:46 Unresolved reference: it
2026-05-03T19:53:25.6338035Z e: file:///home/runner/work/android-paint/android-paint/app/src/main/java/com/jiafenbu/androidpaint/ui/gallery/ProjectDetailDialog.kt:129:31 @Composable invocations can only happen from the context of a @Composable function
2026-05-03T19:53:25.6340523Z e: file:///home/runner/work/android-paint/android-paint/app/src/main/java/com/jiafenbu/androidpaint/ui/layers/LayerPanel.kt:337:26 Type 'TypeVariable(T)' has no method 'getValue(Nothing?, KProperty<*>)' and thus it cannot serve as a delegate
2026-05-03T19:53:25.6342793Z e: file:///home/runner/work/android-paint/android-paint/app/src/main/java/com/jiafenbu/androidpaint/ui/layers/LayerPanel.kt:337:37 Unresolved reference: mutableLongStateOf
2026-05-03T19:53:25.6344643Z e: file:///home/runner/work/android-paint/android-paint/app/src/main/java/com/jiafenbu/androidpaint/ui/layers/LayerPanel.kt:368:33 Overload resolution ambiguity: 
2026-05-03T19:53:25.6381555Z e: file:///home/runner/work/android-paint/android-paint/app/src/main/java/com/jiafenbu/androidpaint/ui/layers/LayerPanel.kt:377:14 Unresolved reference: pointerInput
2026-05-03T19:53:25.6383407Z e: file:///home/runner/work/android-paint/android-paint/app/src/main/java/com/jiafenbu/androidpaint/ui/layers/LayerPanel.kt:378:17 Unresolved reference: detectDragGesturesAfterLongPress
2026-05-03T19:53:25.6385422Z e: file:///home/runner/work/android-paint/android-paint/app/src/main/java/com/jiafenbu/androidpaint/ui/layers/LayerPanel.kt:382:32 Cannot infer a type for this parameter. Please specify it explicitly.
2026-05-03T19:53:25.6387471Z e: file:///home/runner/work/android-paint/android-paint/app/src/main/java/com/jiafenbu/androidpaint/ui/layers/LayerPanel.kt:382:40 Cannot infer a type for this parameter. Please specify it explicitly.
2026-05-03T19:53:25.6420587Z e: file:///home/runner/work/android-paint/android-paint/app/src/main/java/com/jiafenbu/androidpaint/ui/layers/LayerPanel.kt:396:27 Type mismatch: inferred type is Float but Dp was expected
2026-05-03T19:53:25.6422790Z e: file:///home/runner/work/android-paint/android-paint/app/src/main/java/com/jiafenbu/androidpaint/ui/selection/SelectionOverlay.kt:108:41 Type mismatch: inferred type is RectF but Rect was expected
2026-05-03T19:53:25.6425211Z e: file:///home/runner/work/android-paint/android-paint/app/src/main/java/com/jiafenbu/androidpaint/ui/selection/SelectionOverlay.kt:165:34 Type mismatch: inferred type is RectF but Rect was expected
2026-05-03T19:53:25.6427347Z e: file:///home/runner/work/android-paint/android-paint/app/src/main/java/com/jiafenbu/androidpaint/ui/selection/SelectionOverlay.kt:194:9 Cannot find a parameter with this name: floats
2026-05-03T19:53:25.6429551Z e: file:///home/runner/work/android-paint/android-paint/app/src/main/java/com/jiafenbu/androidpaint/ui/selection/SelectionOverlay.kt:195:9 No value passed for parameter 'intervals'
2026-05-03T19:53:25.6431494Z e: file:///home/runner/work/android-paint/android-paint/app/src/main/java/com/jiafenbu/androidpaint/ui/selection/SelectionOverlay.kt:210:46 Type mismatch: inferred type is RectF but Rect was expected
2026-05-03T19:53:25.6433658Z e: file:///home/runner/work/android-paint/android-paint/app/src/main/java/com/jiafenbu/androidpaint/ui/selection/SelectionOverlay.kt:220:46 Type mismatch: inferred type is RectF but Rect was expected
2026-05-03T19:53:25.6436114Z e: file:///home/runner/work/android-paint/android-paint/app/src/main/java/com/jiafenbu/androidpaint/ui/selection/SelectionOverlay.kt:230:53 Type mismatch: inferred type is android.graphics.Path but androidx.compose.ui.graphics.Path was expected
2026-05-03T19:53:25.6438942Z e: file:///home/runner/work/android-paint/android-paint/app/src/main/java/com/jiafenbu/androidpaint/ui/selection/SelectionOverlay.kt:239:46 Type mismatch: inferred type is RectF but Rect was expected
2026-05-03T19:53:25.6440942Z e: file:///home/runner/work/android-paint/android-paint/app/src/main/java/com/jiafenbu/androidpaint/ui/selection/SelectionOverlay.kt:347:28 Unresolved reference: asAndroidPath
2026-05-03T19:53:25.6442814Z e: file:///home/runner/work/android-paint/android-paint/app/src/main/java/com/jiafenbu/androidpaint/ui/selection/SelectionOverlay.kt:354:22 Unresolved reference: PathMeasure
2026-05-03T19:53:25.6444635Z e: file:///home/runner/work/android-paint/android-paint/app/src/main/java/com/jiafenbu/androidpaint/ui/text/FontPickerDialog.kt:166:46 Unresolved reference: fontface
2026-05-03T19:53:25.6446503Z e: file:///home/runner/work/android-paint/android-paint/app/src/main/java/com/jiafenbu/androidpaint/ui/text/TextLayerEditor.kt:133:13 Cannot access 'FontPickerButton': it is private in file
2026-05-03T19:53:25.6448715Z e: file:///home/runner/work/android-paint/android-paint/app/src/main/java/com/jiafenbu/androidpaint/ui/text/TextLayerEditor.kt:241:17 Cannot access 'AlignmentButton': it is private in file
2026-05-03T19:53:25.6450706Z e: file:///home/runner/work/android-paint/android-paint/app/src/main/java/com/jiafenbu/androidpaint/ui/text/TextLayerEditor.kt:247:17 Cannot access 'AlignmentButton': it is private in file
2026-05-03T19:53:25.6452649Z e: file:///home/runner/work/android-paint/android-paint/app/src/main/java/com/jiafenbu/androidpaint/ui/text/TextLayerEditor.kt:253:17 Cannot access 'AlignmentButton': it is private in file
2026-05-03T19:53:25.6454607Z e: file:///home/runner/work/android-paint/android-paint/app/src/main/java/com/jiafenbu/androidpaint/ui/toolbar/BrushSettingsPanel.kt:93:41 Unresolved reference: Arrangement
2026-05-03T19:53:25.6456491Z e: file:///home/runner/work/android-paint/android-paint/app/src/main/java/com/jiafenbu/androidpaint/ui/toolbar/BrushSettingsPanel.kt:284:43 Unresolved reference: color
2026-05-03T19:53:25.6458539Z e: file:///home/runner/work/android-paint/android-paint/app/src/main/java/com/jiafenbu/androidpaint/ui/toolbar/FloatingToolBar.kt:23:47 Unresolved reference: Waterdrop
2026-05-03T19:53:25.6460760Z e: file:///home/runner/work/android-paint/android-paint/app/src/main/java/com/jiafenbu/androidpaint/ui/toolbar/FloatingToolBar.kt:183:38 Unresolved reference: Waterdrop
2026-05-03T19:53:25.6462645Z e: file:///home/runner/work/android-paint/android-paint/app/src/main/java/com/jiafenbu/androidpaint/ui/toolbar/GridOptionsMenu.kt:15:47 Unresolved reference: ThreeDRotation
2026-05-03T19:53:25.6464838Z e: file:///home/runner/work/android-paint/android-paint/app/src/main/java/com/jiafenbu/androidpaint/ui/toolbar/GridOptionsMenu.kt:82:42 Unresolved reference: ThreeDRotation
2026-05-03T19:53:25.6466767Z e: file:///home/runner/work/android-paint/android-paint/app/src/main/java/com/jiafenbu/androidpaint/ui/watermark/WatermarkOverlay.kt:50:36 Unresolved reference: nativeCanvas
2026-05-03T19:53:25.6499169Z e: file:///home/runner/work/android-paint/android-paint/app/src/main/java/com/jiafenbu/androidpaint/ui/watermark/WatermarkOverlay.kt:78:36 Unresolved reference: nativeCanvas
2026-05-03T19:53:25.6501208Z e: file:///home/runner/work/android-paint/android-paint/app/src/main/java/com/jiafenbu/androidpaint/ui/watermark/WatermarkOverlay.kt:112:41 Function invocation 'width()' expected
2026-05-03T19:53:25.6503247Z e: file:///home/runner/work/android-paint/android-paint/app/src/main/java/com/jiafenbu/androidpaint/ui/watermark/WatermarkOverlay.kt:114:36 Function invocation 'height()' expected
2026-05-03T19:53:25.6505277Z e: file:///home/runner/work/android-paint/android-paint/app/src/main/java/com/jiafenbu/androidpaint/ui/watermark/WatermarkOverlay.kt:115:47 Function invocation 'height()' expected
2026-05-03T19:53:25.6507268Z e: file:///home/runner/work/android-paint/android-paint/app/src/main/java/com/jiafenbu/androidpaint/ui/watermark/WatermarkOverlay.kt:116:40 Function invocation 'width()' expected
2026-05-03T19:53:25.6509399Z e: file:///home/runner/work/android-paint/android-paint/app/src/main/java/com/jiafenbu/androidpaint/ui/watermark/WatermarkOverlay.kt:117:50 Function invocation 'width()' expected
2026-05-03T19:53:25.6511345Z e: file:///home/runner/work/android-paint/android-paint/app/src/main/java/com/jiafenbu/androidpaint/ui/watermark/WatermarkOverlay.kt:119:56 Function invocation 'width()' expected
2026-05-03T19:53:25.6513294Z e: file:///home/runner/work/android-paint/android-paint/app/src/main/java/com/jiafenbu/androidpaint/ui/watermark/WatermarkOverlay.kt:119:85 Function invocation 'height()' expected
2026-05-03T19:53:25.6515293Z e: file:///home/runner/work/android-paint/android-paint/app/src/main/java/com/jiafenbu/androidpaint/ui/watermark/WatermarkOverlay.kt:123:147 Function invocation 'width()' expected
2026-05-03T19:53:25.6517274Z e: file:///home/runner/work/android-paint/android-paint/app/src/main/java/com/jiafenbu/androidpaint/ui/watermark/WatermarkOverlay.kt:123:173 Function invocation 'height()' expected
2026-05-03T19:53:25.6519484Z e: file:///home/runner/work/android-paint/android-paint/app/src/main/java/com/jiafenbu/androidpaint/ui/watermark/WatermarkOverlay.kt:124:148 Function invocation 'width()' expected
2026-05-03T19:53:25.6521416Z e: file:///home/runner/work/android-paint/android-paint/app/src/main/java/com/jiafenbu/androidpaint/ui/watermark/WatermarkOverlay.kt:124:173 Function invocation 'height()' expected
2026-05-03T19:53:25.6523332Z e: file:///home/runner/work/android-paint/android-paint/app/src/main/java/com/jiafenbu/androidpaint/ui/watermark/WatermarkOverlay.kt:124:201 Function invocation 'width()' expected
2026-05-03T19:53:25.6525273Z e: file:///home/runner/work/android-paint/android-paint/app/src/main/java/com/jiafenbu/androidpaint/ui/watermark/WatermarkOverlay.kt:124:226 Function invocation 'height()' expected
2026-05-03T19:53:25.6527251Z e: file:///home/runner/work/android-paint/android-paint/app/src/main/java/com/jiafenbu/androidpaint/ui/watermark/WatermarkOverlay.kt:138:42 Function invocation 'width()' expected
2026-05-03T19:53:25.6559680Z e: file:///home/runner/work/android-paint/android-paint/app/src/main/java/com/jiafenbu/androidpaint/ui/watermark/WatermarkOverlay.kt:139:42 Function invocation 'height()' expected
2026-05-03T19:53:25.6562234Z e: file:///home/runner/work/android-paint/android-paint/app/src/main/java/com/jiafenbu/androidpaint/ui/watermark/WatermarkOverlay.kt:141:36 Function invocation 'height()' expected
2026-05-03T19:53:25.6564220Z e: file:///home/runner/work/android-paint/android-paint/app/src/main/java/com/jiafenbu/androidpaint/ui/watermark/WatermarkOverlay.kt:142:47 Function invocation 'height()' expected
2026-05-03T19:53:25.6566514Z e: file:///home/runner/work/android-paint/android-paint/app/src/main/java/com/jiafenbu/androidpaint/ui/watermark/WatermarkOverlay.kt:143:40 Function invocation 'width()' expected
2026-05-03T19:53:25.6568654Z e: file:///home/runner/work/android-paint/android-paint/app/src/main/java/com/jiafenbu/androidpaint/ui/watermark/WatermarkOverlay.kt:144:50 Function invocation 'width()' expected
2026-05-03T19:53:25.6570617Z e: file:///home/runner/work/android-paint/android-paint/app/src/main/java/com/jiafenbu/androidpaint/ui/watermark/WatermarkOverlay.kt:146:56 Function invocation 'width()' expected
2026-05-03T19:53:25.6573062Z e: file:///home/runner/work/android-paint/android-paint/app/src/main/java/com/jiafenbu/androidpaint/ui/watermark/WatermarkOverlay.kt:146:85 Function invocation 'height()' expected
2026-05-03T19:53:25.6575015Z e: file:///home/runner/work/android-paint/android-paint/app/src/main/java/com/jiafenbu/androidpaint/ui/watermark/WatermarkOverlay.kt:150:147 Function invocation 'width()' expected
2026-05-03T19:53:25.6577035Z e: file:///home/runner/work/android-paint/android-paint/app/src/main/java/com/jiafenbu/androidpaint/ui/watermark/WatermarkOverlay.kt:150:173 Function invocation 'height()' expected
2026-05-03T19:53:25.6579231Z e: file:///home/runner/work/android-paint/android-paint/app/src/main/java/com/jiafenbu/androidpaint/ui/watermark/WatermarkOverlay.kt:151:148 Function invocation 'width()' expected
2026-05-03T19:53:25.6581202Z e: file:///home/runner/work/android-paint/android-paint/app/src/main/java/com/jiafenbu/androidpaint/ui/watermark/WatermarkOverlay.kt:151:173 Function invocation 'height()' expected
2026-05-03T19:53:25.6583157Z e: file:///home/runner/work/android-paint/android-paint/app/src/main/java/com/jiafenbu/androidpaint/ui/watermark/WatermarkOverlay.kt:151:201 Function invocation 'width()' expected
2026-05-03T19:53:25.6585098Z e: file:///home/runner/work/android-paint/android-paint/app/src/main/java/com/jiafenbu/androidpaint/ui/watermark/WatermarkOverlay.kt:151:226 Function invocation 'height()' expected
2026-05-03T19:53:25.6587268Z e: file:///home/runner/work/android-paint/android-paint/app/src/main/java/com/jiafenbu/androidpaint/ui/watermark/WatermarkPanel.kt:361:49 Unresolved reference. None of the following candidates is applicable because of receiver type mismatch: 
